// Jest Snapshot v1, https://goo.gl/fbAQLP

exports[`AddItemScreen should render properly 1`] = `ShallowWrapper {}`;
