// Jest Snapshot v1, https://goo.gl/fbAQLP

exports[`MainScreen should load mock Item component 1`] = `ShallowWrapper {}`;

exports[`MainScreen should render properly 1`] = `ShallowWrapper {}`;
