// Jest Snapshot v1, https://goo.gl/fbAQLP

exports[`WelcomeScreen should rendere properly 1`] = `ShallowWrapper {}`;
