// Jest Snapshot v1, https://goo.gl/fbAQLP

exports[`Main Button Component should renderer properly 1`] = `ShallowWrapper {}`;
